[dotenv@17.2.4] injecting env (7) from .env -- tip: ≡ƒöÉ prevent building .env in docker: https://dotenvx.com/prebuild
Sending test message to 917970906978...
node : Γ¥î WhatsApp error {
At line:1 char:1
+ node test_whatsapp.js > 
test_output.txt 2>&1
+ ~~~~~~~~~~~~~~~~~~~~~~~~~~
~~~~~~~~~~~~~~~~~~
    + CategoryInfo          
    : NotSpecified: (Γ¥î W  
  hatsApp error {:String)   
  [], RemoteException
    + FullyQualifiedErrorId 
    : NativeCommandError
 
  error: {
    message: '(#132000) 
Number of parameters does 
not match the expected 
number of params',
    type: 'OAuthException',
    code: 132000,
    error_data: {
      messaging_product: 
'whatsapp',
      details: 'body: 
number of 
localizable_params (1) does 
not match the expected 
number of params (0)'
    },
    fbtrace_id: 
'Af8ViiO62Rn_xVDG3MX_wws'
  }
}
Check your WhatsApp now.
